// Jest Snapshot v1, https://goo.gl/fbAQLP

exports[`MediaVideoItem renders correctly 1`] = `
<DocumentFragment>
  <div
    class="MuiBox-root css-14x27ji"
    id="media-video-item"
  >
    <iframe
      height="0px"
      src="https://www.youtube.com/embed/key?controls=0"
      style="border: 0px;"
      title="1908952386"
      width="100%"
    />
  </div>
</DocumentFragment>
`;
