// Jest Snapshot v1, https://goo.gl/fbAQLP

exports[`ManualSwiper renders correctly 1`] = `
<DocumentFragment>
  <div
    class="MuiBox-root css-4u1x8e"
  >
    <div
      class="swiper swiper-initialized swiper-horizontal swiper-pointer-events"
      id="manual-swiper"
      style="width: 100%;"
    >
      <div
        class="swiper-wrapper"
        style="cursor: grab; transition-duration: 0ms; transform: translate3d(NaNpx, 0px, 0px);"
      />
    </div>
  </div>
</DocumentFragment>
`;
