// Jest Snapshot v1, https://goo.gl/fbAQLP

exports[`ActorInfos renders correctly 1`] = `
<DocumentFragment>
  <div
    class="MuiBox-root css-vtpeil"
  >
    <div
      class="MuiBox-root css-1n04f71"
    >
      <div
        class="MuiBox-root css-pwp60y"
      />
    </div>
    <div
      class="MuiBox-root css-ye9s23"
    >
      <div
        class="css-1wi43tc-MuiStack-root"
      >
        <div
          class="css-1xq7zmv-MuiStack-root"
        >
          <h4
            class="MuiTypography-root MuiTypography-h4 css-mrmr51-MuiTypography-root"
          >
            name
          </h4>
          <div
            class="css-m69qwo-MuiStack-root"
          >
            <h6
              class="MuiTypography-root MuiTypography-h6 css-tjvwag-MuiTypography-root"
            >
              birthday
            </h6>
          </div>
        </div>
        <p
          class="MuiTypography-root MuiTypography-body1 css-u2bbna-MuiTypography-root"
        >
          biography
        </p>
      </div>
    </div>
  </div>
</DocumentFragment>
`;
